2025-12-31T14:50:07.960Z [error]: AuthController error: User validation failed: password: Password must contain at least one uppercase, one lowercase, and one number
ValidationError: User validation failed: password: Password must contain at least one uppercase, one lowercase, and one number
    at Document.invalidate (C:\Users\LENOVO\OneDrive\Desktop\JWLovers\server\node_modules\mongoose\lib\document.js:3377:32)
    at validatePath (C:\Users\LENOVO\OneDrive\Desktop\JWLovers\server\node_modules\mongoose\lib\document.js:3152:13)
    at async Promise.all (index 3)
    at async model.$__validate (C:\Users\LENOVO\OneDrive\Desktop\JWLovers\server\node_modules\mongoose\lib\document.js:3093:3)
    at async model.validate (C:\Users\LENOVO\OneDrive\Desktop\JWLovers\server\node_modules\mongoose\lib\document.js:2670:5)
    at async model.validateBeforeSave (C:\Users\LENOVO\OneDrive\Desktop\JWLovers\server\node_modules\mongoose\lib\plugins\validateBeforeSave.js:34:7)
    at async Kareem.execPre (C:\Users\LENOVO\OneDrive\Desktop\JWLovers\server\node_modules\kareem\index.js:65:24)
    at async model.$__save (C:\Users\LENOVO\OneDrive\Desktop\JWLovers\server\node_modules\mongoose\lib\model.js:369:5)
    at async model.save (C:\Users\LENOVO\OneDrive\Desktop\JWLovers\server\node_modules\mongoose\lib\model.js:609:5)
    at async C:\Users\LENOVO\OneDrive\Desktop\JWLovers\server\node_modules\mongoose\lib\model.js:2722:9
{
  "path": "/register",
  "method": "POST"
}
2025-12-31T14:50:28.046Z [error]: AuthController error: User validation failed: password: Password must contain at least one uppercase, one lowercase, and one number
ValidationError: User validation failed: password: Password must contain at least one uppercase, one lowercase, and one number
    at Document.invalidate (C:\Users\LENOVO\OneDrive\Desktop\JWLovers\server\node_modules\mongoose\lib\document.js:3377:32)
    at validatePath (C:\Users\LENOVO\OneDrive\Desktop\JWLovers\server\node_modules\mongoose\lib\document.js:3152:13)
    at async Promise.all (index 3)
    at async model.$__validate (C:\Users\LENOVO\OneDrive\Desktop\JWLovers\server\node_modules\mongoose\lib\document.js:3093:3)
    at async model.validate (C:\Users\LENOVO\OneDrive\Desktop\JWLovers\server\node_modules\mongoose\lib\document.js:2670:5)
    at async model.validateBeforeSave (C:\Users\LENOVO\OneDrive\Desktop\JWLovers\server\node_modules\mongoose\lib\plugins\validateBeforeSave.js:34:7)
    at async Kareem.execPre (C:\Users\LENOVO\OneDrive\Desktop\JWLovers\server\node_modules\kareem\index.js:65:24)
    at async model.$__save (C:\Users\LENOVO\OneDrive\Desktop\JWLovers\server\node_modules\mongoose\lib\model.js:369:5)
    at async model.save (C:\Users\LENOVO\OneDrive\Desktop\JWLovers\server\node_modules\mongoose\lib\model.js:609:5)
    at async C:\Users\LENOVO\OneDrive\Desktop\JWLovers\server\node_modules\mongoose\lib\model.js:2722:9
{
  "path": "/register",
  "method": "POST"
}
2025-12-31T14:50:46.718Z [error]: AuthController error: User validation failed: password: Password must contain at least one uppercase, one lowercase, and one number
ValidationError: User validation failed: password: Password must contain at least one uppercase, one lowercase, and one number
    at Document.invalidate (C:\Users\LENOVO\OneDrive\Desktop\JWLovers\server\node_modules\mongoose\lib\document.js:3377:32)
    at validatePath (C:\Users\LENOVO\OneDrive\Desktop\JWLovers\server\node_modules\mongoose\lib\document.js:3152:13)
    at async Promise.all (index 3)
    at async model.$__validate (C:\Users\LENOVO\OneDrive\Desktop\JWLovers\server\node_modules\mongoose\lib\document.js:3093:3)
    at async model.validate (C:\Users\LENOVO\OneDrive\Desktop\JWLovers\server\node_modules\mongoose\lib\document.js:2670:5)
    at async model.validateBeforeSave (C:\Users\LENOVO\OneDrive\Desktop\JWLovers\server\node_modules\mongoose\lib\plugins\validateBeforeSave.js:34:7)
    at async Kareem.execPre (C:\Users\LENOVO\OneDrive\Desktop\JWLovers\server\node_modules\kareem\index.js:65:24)
    at async model.$__save (C:\Users\LENOVO\OneDrive\Desktop\JWLovers\server\node_modules\mongoose\lib\model.js:369:5)
    at async model.save (C:\Users\LENOVO\OneDrive\Desktop\JWLovers\server\node_modules\mongoose\lib\model.js:609:5)
    at async C:\Users\LENOVO\OneDrive\Desktop\JWLovers\server\node_modules\mongoose\lib\model.js:2722:9
{
  "path": "/register",
  "method": "POST"
}
2025-12-31T14:56:09.241Z [error]: AuthController error: User validation failed: password: Password must contain at least one uppercase, one lowercase, and one number
ValidationError: User validation failed: password: Password must contain at least one uppercase, one lowercase, and one number
    at Document.invalidate (C:\Users\LENOVO\OneDrive\Desktop\JWLovers\server\node_modules\mongoose\lib\document.js:3377:32)
    at validatePath (C:\Users\LENOVO\OneDrive\Desktop\JWLovers\server\node_modules\mongoose\lib\document.js:3152:13)
    at async Promise.all (index 3)
    at async model.$__validate (C:\Users\LENOVO\OneDrive\Desktop\JWLovers\server\node_modules\mongoose\lib\document.js:3093:3)
    at async model.validate (C:\Users\LENOVO\OneDrive\Desktop\JWLovers\server\node_modules\mongoose\lib\document.js:2670:5)
    at async model.validateBeforeSave (C:\Users\LENOVO\OneDrive\Desktop\JWLovers\server\node_modules\mongoose\lib\plugins\validateBeforeSave.js:34:7)
    at async Kareem.execPre (C:\Users\LENOVO\OneDrive\Desktop\JWLovers\server\node_modules\kareem\index.js:65:24)
    at async model.$__save (C:\Users\LENOVO\OneDrive\Desktop\JWLovers\server\node_modules\mongoose\lib\model.js:369:5)
    at async model.save (C:\Users\LENOVO\OneDrive\Desktop\JWLovers\server\node_modules\mongoose\lib\model.js:609:5)
    at async C:\Users\LENOVO\OneDrive\Desktop\JWLovers\server\node_modules\mongoose\lib\model.js:2722:9
{
  "path": "/register",
  "method": "POST"
}
2025-12-31T14:56:35.768Z [error]: AuthController error: User validation failed: password: Password must contain at least one uppercase, one lowercase, and one number
ValidationError: User validation failed: password: Password must contain at least one uppercase, one lowercase, and one number
    at Document.invalidate (C:\Users\LENOVO\OneDrive\Desktop\JWLovers\server\node_modules\mongoose\lib\document.js:3377:32)
    at validatePath (C:\Users\LENOVO\OneDrive\Desktop\JWLovers\server\node_modules\mongoose\lib\document.js:3152:13)
    at async Promise.all (index 3)
    at async model.$__validate (C:\Users\LENOVO\OneDrive\Desktop\JWLovers\server\node_modules\mongoose\lib\document.js:3093:3)
    at async model.validate (C:\Users\LENOVO\OneDrive\Desktop\JWLovers\server\node_modules\mongoose\lib\document.js:2670:5)
    at async model.validateBeforeSave (C:\Users\LENOVO\OneDrive\Desktop\JWLovers\server\node_modules\mongoose\lib\plugins\validateBeforeSave.js:34:7)
    at async Kareem.execPre (C:\Users\LENOVO\OneDrive\Desktop\JWLovers\server\node_modules\kareem\index.js:65:24)
    at async model.$__save (C:\Users\LENOVO\OneDrive\Desktop\JWLovers\server\node_modules\mongoose\lib\model.js:369:5)
    at async model.save (C:\Users\LENOVO\OneDrive\Desktop\JWLovers\server\node_modules\mongoose\lib\model.js:609:5)
    at async C:\Users\LENOVO\OneDrive\Desktop\JWLovers\server\node_modules\mongoose\lib\model.js:2722:9
{
  "path": "/register",
  "method": "POST"
}
2025-12-31T15:58:05.842Z [error]: AuthController error: User validation failed: password: Password must contain at least one uppercase, one lowercase, and one number
ValidationError: User validation failed: password: Password must contain at least one uppercase, one lowercase, and one number
    at Document.invalidate (C:\Users\LENOVO\OneDrive\Desktop\JWLovers\server\node_modules\mongoose\lib\document.js:3377:32)
    at validatePath (C:\Users\LENOVO\OneDrive\Desktop\JWLovers\server\node_modules\mongoose\lib\document.js:3152:13)
    at async Promise.all (index 3)
    at async model.$__validate (C:\Users\LENOVO\OneDrive\Desktop\JWLovers\server\node_modules\mongoose\lib\document.js:3093:3)
    at async model.validate (C:\Users\LENOVO\OneDrive\Desktop\JWLovers\server\node_modules\mongoose\lib\document.js:2670:5)
    at async model.validateBeforeSave (C:\Users\LENOVO\OneDrive\Desktop\JWLovers\server\node_modules\mongoose\lib\plugins\validateBeforeSave.js:34:7)
    at async Kareem.execPre (C:\Users\LENOVO\OneDrive\Desktop\JWLovers\server\node_modules\kareem\index.js:65:24)
    at async model.$__save (C:\Users\LENOVO\OneDrive\Desktop\JWLovers\server\node_modules\mongoose\lib\model.js:369:5)
    at async model.save (C:\Users\LENOVO\OneDrive\Desktop\JWLovers\server\node_modules\mongoose\lib\model.js:609:5)
    at async C:\Users\LENOVO\OneDrive\Desktop\JWLovers\server\node_modules\mongoose\lib\model.js:2722:9
{
  "path": "/register",
  "method": "POST"
}
2025-12-31T16:14:18.310Z [error]: AuthController error: User validation failed: password: Password must contain at least one uppercase, one lowercase, and one number
ValidationError: User validation failed: password: Password must contain at least one uppercase, one lowercase, and one number
    at Document.invalidate (C:\Users\LENOVO\OneDrive\Desktop\JWLovers\server\node_modules\mongoose\lib\document.js:3377:32)
    at validatePath (C:\Users\LENOVO\OneDrive\Desktop\JWLovers\server\node_modules\mongoose\lib\document.js:3152:13)
    at async Promise.all (index 3)
    at async model.$__validate (C:\Users\LENOVO\OneDrive\Desktop\JWLovers\server\node_modules\mongoose\lib\document.js:3093:3)
    at async model.validate (C:\Users\LENOVO\OneDrive\Desktop\JWLovers\server\node_modules\mongoose\lib\document.js:2670:5)
    at async model.validateBeforeSave (C:\Users\LENOVO\OneDrive\Desktop\JWLovers\server\node_modules\mongoose\lib\plugins\validateBeforeSave.js:34:7)
    at async Kareem.execPre (C:\Users\LENOVO\OneDrive\Desktop\JWLovers\server\node_modules\kareem\index.js:65:24)
    at async model.$__save (C:\Users\LENOVO\OneDrive\Desktop\JWLovers\server\node_modules\mongoose\lib\model.js:369:5)
    at async model.save (C:\Users\LENOVO\OneDrive\Desktop\JWLovers\server\node_modules\mongoose\lib\model.js:609:5)
    at async C:\Users\LENOVO\OneDrive\Desktop\JWLovers\server\node_modules\mongoose\lib\model.js:2722:9
{
  "path": "/register",
  "method": "POST"
}
2025-12-31T16:18:24.066Z [error]: AuthController error: next is not a function
TypeError: next is not a function
    at model.<anonymous> (C:\Users\LENOVO\OneDrive\Desktop\JWLovers\server\models\User\User.model.js:182:5)
    at async Kareem.execPre (C:\Users\LENOVO\OneDrive\Desktop\JWLovers\server\node_modules\kareem\index.js:65:24)
    at async model.$__save (C:\Users\LENOVO\OneDrive\Desktop\JWLovers\server\node_modules\mongoose\lib\model.js:369:5)
    at async model.save (C:\Users\LENOVO\OneDrive\Desktop\JWLovers\server\node_modules\mongoose\lib\model.js:609:5)
    at async C:\Users\LENOVO\OneDrive\Desktop\JWLovers\server\node_modules\mongoose\lib\model.js:2722:9
    at async Promise.all (index 0)
    at async Function.create (C:\Users\LENOVO\OneDrive\Desktop\JWLovers\server\node_modules\mongoose\lib\model.js:2707:11)
    at async AuthController.createUser (C:\Users\LENOVO\OneDrive\Desktop\JWLovers\server\controllers\auth\AuthController.js:162:20)
    at async AuthController.register (C:\Users\LENOVO\OneDrive\Desktop\JWLovers\server\controllers\auth\AuthController.js:52:20)
{
  "path": "/register",
  "method": "POST"
}
2025-12-31T16:25:30.227Z [error]: AuthController error: next is not a function
TypeError: next is not a function
    at model.<anonymous> (C:\Users\LENOVO\OneDrive\Desktop\JWLovers\server\models\User\User.model.js:182:5)
    at async Kareem.execPre (C:\Users\LENOVO\OneDrive\Desktop\JWLovers\server\node_modules\kareem\index.js:65:24)
    at async model.$__save (C:\Users\LENOVO\OneDrive\Desktop\JWLovers\server\node_modules\mongoose\lib\model.js:369:5)
    at async model.save (C:\Users\LENOVO\OneDrive\Desktop\JWLovers\server\node_modules\mongoose\lib\model.js:609:5)
    at async C:\Users\LENOVO\OneDrive\Desktop\JWLovers\server\node_modules\mongoose\lib\model.js:2722:9
    at async Promise.all (index 0)
    at async Function.create (C:\Users\LENOVO\OneDrive\Desktop\JWLovers\server\node_modules\mongoose\lib\model.js:2707:11)
    at async AuthController.createUser (C:\Users\LENOVO\OneDrive\Desktop\JWLovers\server\controllers\auth\AuthController.js:162:20)
    at async AuthController.register (C:\Users\LENOVO\OneDrive\Desktop\JWLovers\server\controllers\auth\AuthController.js:52:20)
{
  "path": "/register",
  "method": "POST"
}
2025-12-31T16:34:41.013Z [error]: AuthController error: next is not a function
TypeError: next is not a function
    at model.<anonymous> (C:\Users\LENOVO\OneDrive\Desktop\JWLovers\server\models\User\User.model.js:182:5)
    at async Kareem.execPre (C:\Users\LENOVO\OneDrive\Desktop\JWLovers\server\node_modules\kareem\index.js:65:24)
    at async model.$__save (C:\Users\LENOVO\OneDrive\Desktop\JWLovers\server\node_modules\mongoose\lib\model.js:369:5)
    at async model.save (C:\Users\LENOVO\OneDrive\Desktop\JWLovers\server\node_modules\mongoose\lib\model.js:609:5)
    at async C:\Users\LENOVO\OneDrive\Desktop\JWLovers\server\node_modules\mongoose\lib\model.js:2722:9
    at async Promise.all (index 0)
    at async Function.create (C:\Users\LENOVO\OneDrive\Desktop\JWLovers\server\node_modules\mongoose\lib\model.js:2707:11)
    at async AuthController.createUser (C:\Users\LENOVO\OneDrive\Desktop\JWLovers\server\controllers\auth\AuthController.js:162:20)
    at async AuthController.register (C:\Users\LENOVO\OneDrive\Desktop\JWLovers\server\controllers\auth\AuthController.js:52:20)
{
  "path": "/register",
  "method": "POST"
}
2025-12-31T16:35:20.890Z [error]: AuthController error: next is not a function
TypeError: next is not a function
    at model.<anonymous> (C:\Users\LENOVO\OneDrive\Desktop\JWLovers\server\models\User\User.model.js:182:5)
    at async Kareem.execPre (C:\Users\LENOVO\OneDrive\Desktop\JWLovers\server\node_modules\kareem\index.js:65:24)
    at async model.$__save (C:\Users\LENOVO\OneDrive\Desktop\JWLovers\server\node_modules\mongoose\lib\model.js:369:5)
    at async model.save (C:\Users\LENOVO\OneDrive\Desktop\JWLovers\server\node_modules\mongoose\lib\model.js:609:5)
    at async C:\Users\LENOVO\OneDrive\Desktop\JWLovers\server\node_modules\mongoose\lib\model.js:2722:9
    at async Promise.all (index 0)
    at async Function.create (C:\Users\LENOVO\OneDrive\Desktop\JWLovers\server\node_modules\mongoose\lib\model.js:2707:11)
    at async AuthController.createUser (C:\Users\LENOVO\OneDrive\Desktop\JWLovers\server\controllers\auth\AuthController.js:162:20)
    at async AuthController.register (C:\Users\LENOVO\OneDrive\Desktop\JWLovers\server\controllers\auth\AuthController.js:52:20)
{
  "path": "/register",
  "method": "POST"
}
2025-12-31T16:43:08.189Z [error]: AuthController error: User validation failed: password: Password must contain at least one uppercase, one lowercase, and one number
ValidationError: User validation failed: password: Password must contain at least one uppercase, one lowercase, and one number
    at Document.invalidate (C:\Users\LENOVO\OneDrive\Desktop\JWLovers\server\node_modules\mongoose\lib\document.js:3377:32)
    at validatePath (C:\Users\LENOVO\OneDrive\Desktop\JWLovers\server\node_modules\mongoose\lib\document.js:3152:13)
    at async Promise.all (index 3)
    at async model.$__validate (C:\Users\LENOVO\OneDrive\Desktop\JWLovers\server\node_modules\mongoose\lib\document.js:3093:3)
    at async model.validate (C:\Users\LENOVO\OneDrive\Desktop\JWLovers\server\node_modules\mongoose\lib\document.js:2670:5)
    at async model.validateBeforeSave (C:\Users\LENOVO\OneDrive\Desktop\JWLovers\server\node_modules\mongoose\lib\plugins\validateBeforeSave.js:34:7)
    at async Kareem.execPre (C:\Users\LENOVO\OneDrive\Desktop\JWLovers\server\node_modules\kareem\index.js:65:24)
    at async model.$__save (C:\Users\LENOVO\OneDrive\Desktop\JWLovers\server\node_modules\mongoose\lib\model.js:369:5)
    at async model.save (C:\Users\LENOVO\OneDrive\Desktop\JWLovers\server\node_modules\mongoose\lib\model.js:609:5)
    at async C:\Users\LENOVO\OneDrive\Desktop\JWLovers\server\node_modules\mongoose\lib\model.js:2722:9
{
  "path": "/register",
  "method": "POST"
}
2025-12-31T16:43:36.964Z [error]: AuthController error: next is not a function
TypeError: next is not a function
    at model.<anonymous> (C:\Users\LENOVO\OneDrive\Desktop\JWLovers\server\models\User\User.model.js:182:5)
    at async Kareem.execPre (C:\Users\LENOVO\OneDrive\Desktop\JWLovers\server\node_modules\kareem\index.js:65:24)
    at async model.$__save (C:\Users\LENOVO\OneDrive\Desktop\JWLovers\server\node_modules\mongoose\lib\model.js:369:5)
    at async model.save (C:\Users\LENOVO\OneDrive\Desktop\JWLovers\server\node_modules\mongoose\lib\model.js:609:5)
    at async C:\Users\LENOVO\OneDrive\Desktop\JWLovers\server\node_modules\mongoose\lib\model.js:2722:9
    at async Promise.all (index 0)
    at async Function.create (C:\Users\LENOVO\OneDrive\Desktop\JWLovers\server\node_modules\mongoose\lib\model.js:2707:11)
    at async AuthController.createUser (C:\Users\LENOVO\OneDrive\Desktop\JWLovers\server\controllers\auth\AuthController.js:162:20)
    at async AuthController.register (C:\Users\LENOVO\OneDrive\Desktop\JWLovers\server\controllers\auth\AuthController.js:52:20)
{
  "path": "/register",
  "method": "POST"
}
2025-12-31T16:52:45.203Z [error]: AuthController error: next is not a function
TypeError: next is not a function
    at model.<anonymous> (C:\Users\LENOVO\OneDrive\Desktop\JWLovers\server\models\User\User.model.js:106:5)
    at async Kareem.execPre (C:\Users\LENOVO\OneDrive\Desktop\JWLovers\server\node_modules\kareem\index.js:65:24)
    at async model.$__save (C:\Users\LENOVO\OneDrive\Desktop\JWLovers\server\node_modules\mongoose\lib\model.js:369:5)
    at async model.save (C:\Users\LENOVO\OneDrive\Desktop\JWLovers\server\node_modules\mongoose\lib\model.js:609:5)
    at async C:\Users\LENOVO\OneDrive\Desktop\JWLovers\server\node_modules\mongoose\lib\model.js:2722:9
    at async Promise.all (index 0)
    at async Function.create (C:\Users\LENOVO\OneDrive\Desktop\JWLovers\server\node_modules\mongoose\lib\model.js:2707:11)
    at async AuthController.createUser (C:\Users\LENOVO\OneDrive\Desktop\JWLovers\server\controllers\auth\AuthController.js:162:20)
    at async AuthController.register (C:\Users\LENOVO\OneDrive\Desktop\JWLovers\server\controllers\auth\AuthController.js:52:20)
{
  "path": "/register",
  "method": "POST"
}
2025-12-31T17:33:41.515Z [error]: AuthController error: next is not a function
TypeError: next is not a function
    at model.<anonymous> (C:\Users\LENOVO\OneDrive\Desktop\JWLovers\server\models\User\User.model.js:106:5)
    at async Kareem.execPre (C:\Users\LENOVO\OneDrive\Desktop\JWLovers\server\node_modules\kareem\index.js:65:24)
    at async model.$__save (C:\Users\LENOVO\OneDrive\Desktop\JWLovers\server\node_modules\mongoose\lib\model.js:369:5)
    at async model.save (C:\Users\LENOVO\OneDrive\Desktop\JWLovers\server\node_modules\mongoose\lib\model.js:609:5)
    at async C:\Users\LENOVO\OneDrive\Desktop\JWLovers\server\node_modules\mongoose\lib\model.js:2722:9
    at async Promise.all (index 0)
    at async Function.create (C:\Users\LENOVO\OneDrive\Desktop\JWLovers\server\node_modules\mongoose\lib\model.js:2707:11)
    at async AuthController.createUser (C:\Users\LENOVO\OneDrive\Desktop\JWLovers\server\controllers\auth\AuthController.js:162:20)
    at async AuthController.register (C:\Users\LENOVO\OneDrive\Desktop\JWLovers\server\controllers\auth\AuthController.js:52:20)
{
  "path": "/register",
  "method": "POST"
}
2025-12-31T17:35:26.884Z [error]: AuthController error: next is not a function
TypeError: next is not a function
    at model.<anonymous> (C:\Users\LENOVO\OneDrive\Desktop\JWLovers\server\models\User\User.model.js:110:5)
    at async Kareem.execPre (C:\Users\LENOVO\OneDrive\Desktop\JWLovers\server\node_modules\kareem\index.js:65:24)
    at async model.$__save (C:\Users\LENOVO\OneDrive\Desktop\JWLovers\server\node_modules\mongoose\lib\model.js:369:5)
    at async model.save (C:\Users\LENOVO\OneDrive\Desktop\JWLovers\server\node_modules\mongoose\lib\model.js:609:5)
    at async C:\Users\LENOVO\OneDrive\Desktop\JWLovers\server\node_modules\mongoose\lib\model.js:2722:9
    at async Promise.all (index 0)
    at async Function.create (C:\Users\LENOVO\OneDrive\Desktop\JWLovers\server\node_modules\mongoose\lib\model.js:2707:11)
    at async AuthController.createUser (C:\Users\LENOVO\OneDrive\Desktop\JWLovers\server\controllers\auth\AuthController.js:162:20)
    at async AuthController.register (C:\Users\LENOVO\OneDrive\Desktop\JWLovers\server\controllers\auth\AuthController.js:52:20)
{
  "path": "/register",
  "method": "POST"
}
2025-12-31T17:40:10.688Z [error]: AuthController error: logger is not defined
ReferenceError: logger is not defined
    at AuthController.register (C:\Users\LENOVO\OneDrive\Desktop\JWLovers\server\controllers\auth\AuthController.js:59:7)
    at process.processTicksAndRejections (node:internal/process/task_queues:105:5)
{
  "path": "/register",
  "method": "POST"
}
2026-01-01T12:21:47.285Z [error]: Get active users error: Cannot read properties of null (reading 'pipeline')
TypeError: Cannot read properties of null (reading 'pipeline')
    at PresenceService.getOnlineUsers (C:\Users\LENOVO\OneDrive\Desktop\JWLovers\server\services\presence.service.js:94:34)
    at exports.getActiveUsers (C:\Users\LENOVO\OneDrive\Desktop\JWLovers\server\controllers\presence.controller.js:81:48)
    at process.processTicksAndRejections (node:internal/process/task_queues:105:5)
2026-01-01T14:04:27.032Z [error]: Get active users error: Cannot read properties of null (reading 'pipeline')
TypeError: Cannot read properties of null (reading 'pipeline')
    at PresenceService.getOnlineUsers (C:\Users\LENOVO\OneDrive\Desktop\JWLovers\server\services\presence.service.js:94:34)
    at exports.getActiveUsers (C:\Users\LENOVO\OneDrive\Desktop\JWLovers\server\controllers\presence.controller.js:81:48)
    at process.processTicksAndRejections (node:internal/process/task_queues:105:5)
2026-01-01T14:04:40.603Z [error]: Get active users error: Cannot read properties of null (reading 'pipeline')
TypeError: Cannot read properties of null (reading 'pipeline')
    at PresenceService.getOnlineUsers (C:\Users\LENOVO\OneDrive\Desktop\JWLovers\server\services\presence.service.js:94:34)
    at exports.getActiveUsers (C:\Users\LENOVO\OneDrive\Desktop\JWLovers\server\controllers\presence.controller.js:81:48)
    at process.processTicksAndRejections (node:internal/process/task_queues:105:5)
2026-01-01T14:20:47.532Z [error]: Failed to initialize Redis client: Redis client is null
Error: Redis client is null
    at PresenceService.initializeRedis (C:\Users\LENOVO\OneDrive\Desktop\JWLovers\server\services\presence.service.js:22:15)
    at new PresenceService (C:\Users\LENOVO\OneDrive\Desktop\JWLovers\server\services\presence.service.js:9:10)
    at Object.<anonymous> (C:\Users\LENOVO\OneDrive\Desktop\JWLovers\server\services\presence.service.js:244:18)
    at Module._compile (node:internal/modules/cjs/loader:1706:14)
    at Object..js (node:internal/modules/cjs/loader:1839:10)
    at Module.load (node:internal/modules/cjs/loader:1441:32)
    at Function._load (node:internal/modules/cjs/loader:1263:12)
    at TracingChannel.traceSync (node:diagnostics_channel:322:14)
    at wrapModuleLoad (node:internal/modules/cjs/loader:237:24)
    at Module.require (node:internal/modules/cjs/loader:1463:12)
2026-01-01T14:22:10.978Z [error]: Failed to initialize Redis client: Redis client is null
Error: Redis client is null
    at PresenceService.initializeRedis (C:\Users\LENOVO\OneDrive\Desktop\JWLovers\server\services\presence.service.js:22:15)
    at new PresenceService (C:\Users\LENOVO\OneDrive\Desktop\JWLovers\server\services\presence.service.js:9:10)
    at Object.<anonymous> (C:\Users\LENOVO\OneDrive\Desktop\JWLovers\server\services\presence.service.js:244:18)
    at Module._compile (node:internal/modules/cjs/loader:1706:14)
    at Object..js (node:internal/modules/cjs/loader:1839:10)
    at Module.load (node:internal/modules/cjs/loader:1441:32)
    at Function._load (node:internal/modules/cjs/loader:1263:12)
    at TracingChannel.traceSync (node:diagnostics_channel:322:14)
    at wrapModuleLoad (node:internal/modules/cjs/loader:237:24)
    at Module.require (node:internal/modules/cjs/loader:1463:12)
2026-01-01T14:22:22.126Z [error]: Failed to initialize Redis client: Redis client is null
Error: Redis client is null
    at PresenceService.initializeRedis (C:\Users\LENOVO\OneDrive\Desktop\JWLovers\server\services\presence.service.js:22:15)
    at new PresenceService (C:\Users\LENOVO\OneDrive\Desktop\JWLovers\server\services\presence.service.js:9:10)
    at Object.<anonymous> (C:\Users\LENOVO\OneDrive\Desktop\JWLovers\server\services\presence.service.js:244:18)
    at Module._compile (node:internal/modules/cjs/loader:1706:14)
    at Object..js (node:internal/modules/cjs/loader:1839:10)
    at Module.load (node:internal/modules/cjs/loader:1441:32)
    at Function._load (node:internal/modules/cjs/loader:1263:12)
    at TracingChannel.traceSync (node:diagnostics_channel:322:14)
    at wrapModuleLoad (node:internal/modules/cjs/loader:237:24)
    at Module.require (node:internal/modules/cjs/loader:1463:12)
2026-01-01T14:23:50.928Z [error]: Failed to initialize Redis client: Redis client is null
Error: Redis client is null
    at PresenceService.initializeRedis (C:\Users\LENOVO\OneDrive\Desktop\JWLovers\server\services\presence.service.js:22:15)
    at new PresenceService (C:\Users\LENOVO\OneDrive\Desktop\JWLovers\server\services\presence.service.js:9:10)
    at Object.<anonymous> (C:\Users\LENOVO\OneDrive\Desktop\JWLovers\server\services\presence.service.js:244:18)
    at Module._compile (node:internal/modules/cjs/loader:1706:14)
    at Object..js (node:internal/modules/cjs/loader:1839:10)
    at Module.load (node:internal/modules/cjs/loader:1441:32)
    at Function._load (node:internal/modules/cjs/loader:1263:12)
    at TracingChannel.traceSync (node:diagnostics_channel:322:14)
    at wrapModuleLoad (node:internal/modules/cjs/loader:237:24)
    at Module.require (node:internal/modules/cjs/loader:1463:12)
2026-01-01T14:34:27.556Z [error]: Failed to initialize Redis client: Redis client is null
Error: Redis client is null
    at PresenceService.initializeRedis (C:\Users\LENOVO\OneDrive\Desktop\JWLovers\server\services\presence.service.js:22:15)
    at new PresenceService (C:\Users\LENOVO\OneDrive\Desktop\JWLovers\server\services\presence.service.js:9:10)
    at Object.<anonymous> (C:\Users\LENOVO\OneDrive\Desktop\JWLovers\server\services\presence.service.js:244:18)
    at Module._compile (node:internal/modules/cjs/loader:1706:14)
    at Object..js (node:internal/modules/cjs/loader:1839:10)
    at Module.load (node:internal/modules/cjs/loader:1441:32)
    at Function._load (node:internal/modules/cjs/loader:1263:12)
    at TracingChannel.traceSync (node:diagnostics_channel:322:14)
    at wrapModuleLoad (node:internal/modules/cjs/loader:237:24)
    at Module.require (node:internal/modules/cjs/loader:1463:12)
2026-01-01T14:34:32.654Z [error]: Failed to initialize Redis client: Redis client is null
Error: Redis client is null
    at PresenceService.initializeRedis (C:\Users\LENOVO\OneDrive\Desktop\JWLovers\server\services\presence.service.js:22:15)
    at new PresenceService (C:\Users\LENOVO\OneDrive\Desktop\JWLovers\server\services\presence.service.js:9:10)
    at Object.<anonymous> (C:\Users\LENOVO\OneDrive\Desktop\JWLovers\server\services\presence.service.js:244:18)
    at Module._compile (node:internal/modules/cjs/loader:1706:14)
    at Object..js (node:internal/modules/cjs/loader:1839:10)
    at Module.load (node:internal/modules/cjs/loader:1441:32)
    at Function._load (node:internal/modules/cjs/loader:1263:12)
    at TracingChannel.traceSync (node:diagnostics_channel:322:14)
    at wrapModuleLoad (node:internal/modules/cjs/loader:237:24)
    at Module.require (node:internal/modules/cjs/loader:1463:12)
2026-01-01T14:34:43.566Z [error]: Failed to initialize Redis client: Redis client is null
Error: Redis client is null
    at PresenceService.initializeRedis (C:\Users\LENOVO\OneDrive\Desktop\JWLovers\server\services\presence.service.js:22:15)
    at new PresenceService (C:\Users\LENOVO\OneDrive\Desktop\JWLovers\server\services\presence.service.js:9:10)
    at Object.<anonymous> (C:\Users\LENOVO\OneDrive\Desktop\JWLovers\server\services\presence.service.js:244:18)
    at Module._compile (node:internal/modules/cjs/loader:1706:14)
    at Object..js (node:internal/modules/cjs/loader:1839:10)
    at Module.load (node:internal/modules/cjs/loader:1441:32)
    at Function._load (node:internal/modules/cjs/loader:1263:12)
    at TracingChannel.traceSync (node:diagnostics_channel:322:14)
    at wrapModuleLoad (node:internal/modules/cjs/loader:237:24)
    at Module.require (node:internal/modules/cjs/loader:1463:12)
2026-01-01T14:34:52.300Z [error]: Failed to initialize Redis client: Redis client is null
Error: Redis client is null
    at PresenceService.initializeRedis (C:\Users\LENOVO\OneDrive\Desktop\JWLovers\server\services\presence.service.js:22:15)
    at new PresenceService (C:\Users\LENOVO\OneDrive\Desktop\JWLovers\server\services\presence.service.js:9:10)
    at Object.<anonymous> (C:\Users\LENOVO\OneDrive\Desktop\JWLovers\server\services\presence.service.js:244:18)
    at Module._compile (node:internal/modules/cjs/loader:1706:14)
    at Object..js (node:internal/modules/cjs/loader:1839:10)
    at Module.load (node:internal/modules/cjs/loader:1441:32)
    at Function._load (node:internal/modules/cjs/loader:1263:12)
    at TracingChannel.traceSync (node:diagnostics_channel:322:14)
    at wrapModuleLoad (node:internal/modules/cjs/loader:237:24)
    at Module.require (node:internal/modules/cjs/loader:1463:12)
2026-01-01T14:51:02.548Z [error]: Failed to initialize Redis client: Redis client is null
Error: Redis client is null
    at PresenceService.initializeRedis (C:\Users\LENOVO\OneDrive\Desktop\JWLovers\server\services\presence.service.js:22:15)
    at new PresenceService (C:\Users\LENOVO\OneDrive\Desktop\JWLovers\server\services\presence.service.js:9:10)
    at Object.<anonymous> (C:\Users\LENOVO\OneDrive\Desktop\JWLovers\server\services\presence.service.js:244:18)
    at Module._compile (node:internal/modules/cjs/loader:1706:14)
    at Object..js (node:internal/modules/cjs/loader:1839:10)
    at Module.load (node:internal/modules/cjs/loader:1441:32)
    at Function._load (node:internal/modules/cjs/loader:1263:12)
    at TracingChannel.traceSync (node:diagnostics_channel:322:14)
    at wrapModuleLoad (node:internal/modules/cjs/loader:237:24)
    at Module.require (node:internal/modules/cjs/loader:1463:12)
2026-01-01T15:53:09.040Z [error]: Send message error: Cannot destructure property 'receiverId' of 'data' as it is undefined.
TypeError: Cannot destructure property 'receiverId' of 'data' as it is undefined.
    at MessageService.sendMessage (C:\Users\LENOVO\OneDrive\Desktop\JWLovers\server\controllers\chat\MessageService.js:8:13)
    at ChatController.sendMessage (C:\Users\LENOVO\OneDrive\Desktop\JWLovers\server\controllers\chat\chat.controller.js:145:48)
    at Layer.handleRequest (C:\Users\LENOVO\OneDrive\Desktop\JWLovers\server\node_modules\router\lib\layer.js:152:17)
    at next (C:\Users\LENOVO\OneDrive\Desktop\JWLovers\server\node_modules\router\lib\route.js:157:13)
    at Route.dispatch (C:\Users\LENOVO\OneDrive\Desktop\JWLovers\server\node_modules\router\lib\route.js:117:3)
    at handle (C:\Users\LENOVO\OneDrive\Desktop\JWLovers\server\node_modules\router\index.js:435:11)
    at Layer.handleRequest (C:\Users\LENOVO\OneDrive\Desktop\JWLovers\server\node_modules\router\lib\layer.js:152:17)
    at C:\Users\LENOVO\OneDrive\Desktop\JWLovers\server\node_modules\router\index.js:295:15
    at processParams (C:\Users\LENOVO\OneDrive\Desktop\JWLovers\server\node_modules\router\index.js:582:12)
    at next (C:\Users\LENOVO\OneDrive\Desktop\JWLovers\server\node_modules\router\index.js:291:5)
2026-01-01T15:53:09.043Z [error]: ChatController error: Cannot destructure property 'receiverId' of 'data' as it is undefined.
TypeError: Cannot destructure property 'receiverId' of 'data' as it is undefined.
    at MessageService.sendMessage (C:\Users\LENOVO\OneDrive\Desktop\JWLovers\server\controllers\chat\MessageService.js:8:13)
    at ChatController.sendMessage (C:\Users\LENOVO\OneDrive\Desktop\JWLovers\server\controllers\chat\chat.controller.js:145:48)
    at Layer.handleRequest (C:\Users\LENOVO\OneDrive\Desktop\JWLovers\server\node_modules\router\lib\layer.js:152:17)
    at next (C:\Users\LENOVO\OneDrive\Desktop\JWLovers\server\node_modules\router\lib\route.js:157:13)
    at Route.dispatch (C:\Users\LENOVO\OneDrive\Desktop\JWLovers\server\node_modules\router\lib\route.js:117:3)
    at handle (C:\Users\LENOVO\OneDrive\Desktop\JWLovers\server\node_modules\router\index.js:435:11)
    at Layer.handleRequest (C:\Users\LENOVO\OneDrive\Desktop\JWLovers\server\node_modules\router\lib\layer.js:152:17)
    at C:\Users\LENOVO\OneDrive\Desktop\JWLovers\server\node_modules\router\index.js:295:15
    at processParams (C:\Users\LENOVO\OneDrive\Desktop\JWLovers\server\node_modules\router\index.js:582:12)
    at next (C:\Users\LENOVO\OneDrive\Desktop\JWLovers\server\node_modules\router\index.js:291:5)
{
  "path": "/messages",
  "method": "POST",
  "userId": "6956774a7a8af398090b55ba"
}
2026-01-01T16:06:16.766Z [error]: Send message error:
2026-01-01T16:06:16.769Z [error]: ChatController error: this.messageService.sendMessage is not a function
TypeError: this.messageService.sendMessage is not a function
    at ChatController.sendMessage (C:\Users\LENOVO\OneDrive\Desktop\JWLovers\server\controllers\chat\chat.controller.js:176:48)
    at Layer.handleRequest (C:\Users\LENOVO\OneDrive\Desktop\JWLovers\server\node_modules\router\lib\layer.js:152:17)
    at next (C:\Users\LENOVO\OneDrive\Desktop\JWLovers\server\node_modules\router\lib\route.js:157:13)
    at Route.dispatch (C:\Users\LENOVO\OneDrive\Desktop\JWLovers\server\node_modules\router\lib\route.js:117:3)
    at handle (C:\Users\LENOVO\OneDrive\Desktop\JWLovers\server\node_modules\router\index.js:435:11)
    at Layer.handleRequest (C:\Users\LENOVO\OneDrive\Desktop\JWLovers\server\node_modules\router\lib\layer.js:152:17)
    at C:\Users\LENOVO\OneDrive\Desktop\JWLovers\server\node_modules\router\index.js:295:15
    at processParams (C:\Users\LENOVO\OneDrive\Desktop\JWLovers\server\node_modules\router\index.js:582:12)
    at next (C:\Users\LENOVO\OneDrive\Desktop\JWLovers\server\node_modules\router\index.js:291:5)
    at exports.protect (C:\Users\LENOVO\OneDrive\Desktop\JWLovers\server\middleware\authmiddleware.js:85:5)
{
  "path": "/messages",
  "method": "POST",
  "userId": "6956774a7a8af398090b55ba"
}
2026-01-01T16:15:43.512Z [error]: Send message error:
2026-01-01T16:15:43.515Z [error]: ChatController error: Message validation failed: conversationId: Path `conversationId` is required.
ValidationError: Message validation failed: conversationId: Path `conversationId` is required.
    at Document.invalidate (C:\Users\LENOVO\OneDrive\Desktop\JWLovers\server\node_modules\mongoose\lib\document.js:3377:32)
    at validatePath (C:\Users\LENOVO\OneDrive\Desktop\JWLovers\server\node_modules\mongoose\lib\document.js:3152:13)
    at process.processTicksAndRejections (node:internal/process/task_queues:105:5)
    at async Promise.all (index 0)
    at async model.$__validate (C:\Users\LENOVO\OneDrive\Desktop\JWLovers\server\node_modules\mongoose\lib\document.js:3093:3)
    at async model.validate (C:\Users\LENOVO\OneDrive\Desktop\JWLovers\server\node_modules\mongoose\lib\document.js:2670:5)
    at async model.validateBeforeSave (C:\Users\LENOVO\OneDrive\Desktop\JWLovers\server\node_modules\mongoose\lib\plugins\validateBeforeSave.js:34:7)
    at async Kareem.execPre (C:\Users\LENOVO\OneDrive\Desktop\JWLovers\server\node_modules\kareem\index.js:65:24)
    at async model.$__save (C:\Users\LENOVO\OneDrive\Desktop\JWLovers\server\node_modules\mongoose\lib\model.js:369:5)
    at async model.save (C:\Users\LENOVO\OneDrive\Desktop\JWLovers\server\node_modules\mongoose\lib\model.js:609:5)
{
  "path": "/messages",
  "method": "POST",
  "userId": "6956774a7a8af398090b55ba"
}
2026-01-01T16:18:41.661Z [error]: Send message error:
2026-01-01T16:18:41.664Z [error]: ChatController error: Cast to ObjectId failed for value "9555ffa87cb0ff69c2a7b39" (type string) at path "_id" for model "User"
CastError: Cast to ObjectId failed for value "9555ffa87cb0ff69c2a7b39" (type string) at path "_id" for model "User"
    at SchemaObjectId.cast (C:\Users\LENOVO\OneDrive\Desktop\JWLovers\server\node_modules\mongoose\lib\schema\objectId.js:253:11)
    at SchemaType.applySetters (C:\Users\LENOVO\OneDrive\Desktop\JWLovers\server\node_modules\mongoose\lib\schemaType.js:1280:12)
    at SchemaType.castForQuery (C:\Users\LENOVO\OneDrive\Desktop\JWLovers\server\node_modules\mongoose\lib\schemaType.js:1706:17)
    at cast (C:\Users\LENOVO\OneDrive\Desktop\JWLovers\server\node_modules\mongoose\lib\cast.js:390:32)
    at Query.cast (C:\Users\LENOVO\OneDrive\Desktop\JWLovers\server\node_modules\mongoose\lib\query.js:5016:12)
    at Query._castConditions (C:\Users\LENOVO\OneDrive\Desktop\JWLovers\server\node_modules\mongoose\lib\query.js:2380:10)
    at model.Query._findOne (C:\Users\LENOVO\OneDrive\Desktop\JWLovers\server\node_modules\mongoose\lib\query.js:2708:8)
    at model.Query.exec (C:\Users\LENOVO\OneDrive\Desktop\JWLovers\server\node_modules\mongoose\lib\query.js:4627:80)
    at process.processTicksAndRejections (node:internal/process/task_queues:105:5)
    at async MessageService.sendMessage (C:\Users\LENOVO\OneDrive\Desktop\JWLovers\server\controllers\chat\MessageService.js:15:22)
{
  "path": "/messages",
  "method": "POST",
  "userId": "6956774a7a8af398090b55ba"
}
2026-01-01T16:19:57.662Z [error]: Send message error:
2026-01-01T16:19:57.666Z [error]: ChatController error: Message validation failed: conversationId: Path `conversationId` is required.
ValidationError: Message validation failed: conversationId: Path `conversationId` is required.
    at Document.invalidate (C:\Users\LENOVO\OneDrive\Desktop\JWLovers\server\node_modules\mongoose\lib\document.js:3377:32)
    at validatePath (C:\Users\LENOVO\OneDrive\Desktop\JWLovers\server\node_modules\mongoose\lib\document.js:3152:13)
    at process.processTicksAndRejections (node:internal/process/task_queues:105:5)
    at async Promise.all (index 0)
    at async model.$__validate (C:\Users\LENOVO\OneDrive\Desktop\JWLovers\server\node_modules\mongoose\lib\document.js:3093:3)
    at async model.validate (C:\Users\LENOVO\OneDrive\Desktop\JWLovers\server\node_modules\mongoose\lib\document.js:2670:5)
    at async model.validateBeforeSave (C:\Users\LENOVO\OneDrive\Desktop\JWLovers\server\node_modules\mongoose\lib\plugins\validateBeforeSave.js:34:7)
    at async Kareem.execPre (C:\Users\LENOVO\OneDrive\Desktop\JWLovers\server\node_modules\kareem\index.js:65:24)
    at async model.$__save (C:\Users\LENOVO\OneDrive\Desktop\JWLovers\server\node_modules\mongoose\lib\model.js:369:5)
    at async model.save (C:\Users\LENOVO\OneDrive\Desktop\JWLovers\server\node_modules\mongoose\lib\model.js:609:5)
{
  "path": "/messages",
  "method": "POST",
  "userId": "6956774a7a8af398090b55ba"
}
2026-01-01T16:27:33.535Z [error]: Send message error:
2026-01-01T16:27:33.539Z [error]: ChatController error: next is not a function
TypeError: next is not a function
    at model.<anonymous> (C:\Users\LENOVO\OneDrive\Desktop\JWLovers\server\models\Message.js:73:3)
    at Kareem.execPre (C:\Users\LENOVO\OneDrive\Desktop\JWLovers\server\node_modules\kareem\index.js:63:39)
    at process.processTicksAndRejections (node:internal/process/task_queues:105:5)
    at async model.$__save (C:\Users\LENOVO\OneDrive\Desktop\JWLovers\server\node_modules\mongoose\lib\model.js:369:5)
    at async model.save (C:\Users\LENOVO\OneDrive\Desktop\JWLovers\server\node_modules\mongoose\lib\model.js:609:5)
    at async C:\Users\LENOVO\OneDrive\Desktop\JWLovers\server\node_modules\mongoose\lib\model.js:2722:9
    at async Promise.all (index 0)
    at async Function.create (C:\Users\LENOVO\OneDrive\Desktop\JWLovers\server\node_modules\mongoose\lib\model.js:2707:11)
    at async MessageService.sendMessage (C:\Users\LENOVO\OneDrive\Desktop\JWLovers\server\controllers\chat\MessageService.js:51:21)
    at async ChatController.sendMessage (C:\Users\LENOVO\OneDrive\Desktop\JWLovers\server\controllers\chat\chat.controller.js:177:22)
{
  "path": "/messages",
  "method": "POST",
  "userId": "6956774a7a8af398090b55ba"
}
2026-01-01T16:31:46.996Z [error]: Send message error:
2026-01-01T16:31:47.000Z [error]: ChatController error: next is not a function
TypeError: next is not a function
    at model.<anonymous> (C:\Users\LENOVO\OneDrive\Desktop\JWLovers\server\models\Message.js:72:3)
    at Kareem.execPre (C:\Users\LENOVO\OneDrive\Desktop\JWLovers\server\node_modules\kareem\index.js:63:39)
    at process.processTicksAndRejections (node:internal/process/task_queues:105:5)
    at async model.$__save (C:\Users\LENOVO\OneDrive\Desktop\JWLovers\server\node_modules\mongoose\lib\model.js:369:5)
    at async model.save (C:\Users\LENOVO\OneDrive\Desktop\JWLovers\server\node_modules\mongoose\lib\model.js:609:5)
    at async C:\Users\LENOVO\OneDrive\Desktop\JWLovers\server\node_modules\mongoose\lib\model.js:2722:9
    at async Promise.all (index 0)
    at async Function.create (C:\Users\LENOVO\OneDrive\Desktop\JWLovers\server\node_modules\mongoose\lib\model.js:2707:11)
    at async MessageService.sendMessage (C:\Users\LENOVO\OneDrive\Desktop\JWLovers\server\controllers\chat\MessageService.js:54:21)
    at async ChatController.sendMessage (C:\Users\LENOVO\OneDrive\Desktop\JWLovers\server\controllers\chat\chat.controller.js:177:22)
{
  "path": "/messages",
  "method": "POST",
  "userId": "6956774a7a8af398090b55ba"
}
2026-01-01T16:31:51.048Z [error]: Send message error:
2026-01-01T16:31:51.061Z [error]: ChatController error: next is not a function
TypeError: next is not a function
    at model.<anonymous> (C:\Users\LENOVO\OneDrive\Desktop\JWLovers\server\models\Message.js:72:3)
    at Kareem.execPre (C:\Users\LENOVO\OneDrive\Desktop\JWLovers\server\node_modules\kareem\index.js:63:39)
    at process.processTicksAndRejections (node:internal/process/task_queues:105:5)
    at async model.$__save (C:\Users\LENOVO\OneDrive\Desktop\JWLovers\server\node_modules\mongoose\lib\model.js:369:5)
    at async model.save (C:\Users\LENOVO\OneDrive\Desktop\JWLovers\server\node_modules\mongoose\lib\model.js:609:5)
    at async C:\Users\LENOVO\OneDrive\Desktop\JWLovers\server\node_modules\mongoose\lib\model.js:2722:9
    at async Promise.all (index 0)
    at async Function.create (C:\Users\LENOVO\OneDrive\Desktop\JWLovers\server\node_modules\mongoose\lib\model.js:2707:11)
    at async MessageService.sendMessage (C:\Users\LENOVO\OneDrive\Desktop\JWLovers\server\controllers\chat\MessageService.js:54:21)
    at async ChatController.sendMessage (C:\Users\LENOVO\OneDrive\Desktop\JWLovers\server\controllers\chat\chat.controller.js:177:22)
{
  "path": "/messages",
  "method": "POST",
  "userId": "6956774a7a8af398090b55ba"
}
2026-01-01T16:33:39.958Z [error]: Send message error:
2026-01-01T16:33:39.962Z [error]: ChatController error: next is not a function
TypeError: next is not a function
    at model.<anonymous> (C:\Users\LENOVO\OneDrive\Desktop\JWLovers\server\models\Message.js:72:3)
    at Kareem.execPre (C:\Users\LENOVO\OneDrive\Desktop\JWLovers\server\node_modules\kareem\index.js:63:39)
    at process.processTicksAndRejections (node:internal/process/task_queues:105:5)
    at async model.$__save (C:\Users\LENOVO\OneDrive\Desktop\JWLovers\server\node_modules\mongoose\lib\model.js:369:5)
    at async model.save (C:\Users\LENOVO\OneDrive\Desktop\JWLovers\server\node_modules\mongoose\lib\model.js:609:5)
    at async C:\Users\LENOVO\OneDrive\Desktop\JWLovers\server\node_modules\mongoose\lib\model.js:2722:9
    at async Promise.all (index 0)
    at async Function.create (C:\Users\LENOVO\OneDrive\Desktop\JWLovers\server\node_modules\mongoose\lib\model.js:2707:11)
    at async MessageService.sendMessage (C:\Users\LENOVO\OneDrive\Desktop\JWLovers\server\controllers\chat\MessageService.js:54:21)
    at async ChatController.sendMessage (C:\Users\LENOVO\OneDrive\Desktop\JWLovers\server\controllers\chat\chat.controller.js:177:22)
{
  "path": "/messages",
  "method": "POST",
  "userId": "6956774a7a8af398090b55ba"
}
2026-01-01T16:40:28.979Z [error]: Send message error:
2026-01-01T17:39:26.943Z [error]: ❌ Redis client error:
2026-01-01T17:39:26.946Z [error]: Redis subscriber error:
2026-01-01T17:39:26.947Z [error]: Redis publisher error:
2026-01-02T12:49:16.762Z [error]: AuthController error: Cannot destructure property 'phoneNumber' of 'req.body' as it is undefined.
TypeError: Cannot destructure property 'phoneNumber' of 'req.body' as it is undefined.
    at AuthController.verifyPhone (C:\Users\LENOVO\OneDrive\Desktop\JWLovers\server\controllers\auth\AuthController.js:508:15)
    at Layer.handleRequest (C:\Users\LENOVO\OneDrive\Desktop\JWLovers\server\node_modules\router\lib\layer.js:152:17)
    at next (C:\Users\LENOVO\OneDrive\Desktop\JWLovers\server\node_modules\router\lib\route.js:157:13)
    at C:\Users\LENOVO\OneDrive\Desktop\JWLovers\server\node_modules\express-rate-limit\dist\index.cjs:942:7
    at process.processTicksAndRejections (node:internal/process/task_queues:105:5)
    at async C:\Users\LENOVO\OneDrive\Desktop\JWLovers\server\node_modules\express-rate-limit\dist\index.cjs:825:5
{
  "path": "/verify-phone",
  "method": "POST"
}
